eeschema (2013-07-07 BZR 4022)-stable  >> Creation date: 14/07/2014 11:30:04

#Cmp ( order = Value )
| BATTERY      BT1       
| 1.0pF        C10       
| 1.5pF        C9        
| 4.7pF        C12       
| 15pF         C2        
| 15pF         C3        
| 15pF         C29       
| 15pF         C35       
| 2.2nF        C11       
| 2.2nF        C17       
| 10nF         C8        
| 10nF         C13       
| 10nF         C16       
| 10nF         C32       
| 10nF         C40       
| 33nF         C15       
| 100nF        C1        
| 100nF        C4        
| 100nF        C5        
| 100nF        C14       
| 100nF        C18       
| 100nF        C20       
| 100nF        C23       
| 100nF        C24       
| 100nF        C33       
| 100nF        C36       
| 100nF        C38       
| 100nF        C41       
| 0.22uF       C21       
| 4.7uF        C6        
| 4.7uF        C7        
| 4.7uF        C22       
| 4.7uF        C30       
| 4.7uF        C31       
| 4.7uF        C34       
| 4.7uF        C37       
| 10uF         C39       
| RED LED      D5        
| GREEN LED    D6        
| BLUE LED     D7        
| BLUE LED     D8        
| BAT54        D1        
| BAT54        D2        
| BAT54        D3        
| BAT54        D4        
| 2.7nH        L3        
| 3.9nH        L1        
| 8.2nH        L2        
| CONN_1       P9        
| CONN_2       P1        
| CONN_2       P2        
| CONN_2       P3        
| CONN_2       P4        
| CONN_2       P5        
| CONN_2       P8        
| CONN_10X2    P6        
| MICRO-B-USB  P7        
| PMV31XN      Q1        
| PMV31XN      Q2        
| PMV31XN      Q3        
| PMV31XN      Q4        
| 2N7002       Q5        
| 2N7002       Q6        
| 0R           R19       
| 0R           R29       
| 10R          R17       
| 100R         R39       
| 100R         R40       
| 100R         R41       
| 100R         R42       
| 220R         R6        
| 330R         R5        
| 1k           R22       
| 1k           R38       
| 1.2k         R24       
| 1.2K         R26       
| 2.2k         R13       
| 2.2k         R14       
| 10k          R1        
| 10k          R2        
| 10k          R3        
| 10k          R4        
| 10k          R8        
| 10k          R9        
| 10k          R25       
| 10k          R27       
| 10k          R32       
| 10k          R33       
| 10k          R36       
| 10k          R37       
| 20k          R30       
| 22k          R12       
| 30k          R18       
| 30k          R28       
| 39k          R16       
| 42.2k        R20       
| 100k         R7        
| 100k         R31       
| 150k         R23       
| 300k         R21       
| NM           R10       
| NM           R11       
| PUSH ON/OFF  SW1       
| STM32F103CB  U1        
| MPU60X0      U3        
| MS5611-01BA03 U5        
| BQ24075      U8        
| HMC5883L     U4        
| NRF24L01+    U2        
| TPS79301     U7        
| TPS79301     U9        
| MAX16054     U10       
| NUF2221      U6        
| 16Mhz        X1        
| CHIP_ANTENNA Y1        
#End Cmp

#End List
